src/projects/typescript_savior_or_killer/scenes/SlideScenes.tsx(211,38): error TS1005: '}' expected.
src/projects/typescript_savior_or_killer/scenes/SlideScenes.tsx(212,1): error TS1381: Unexpected token. Did you mean `{'}'}` or `&rbrace;`?
src/projects/typescript_savior_or_killer/scenes/SlideScenes.tsx(229,38): error TS1005: '}' expected.
src/projects/typescript_savior_or_killer/scenes/SlideScenes.tsx(230,1): error TS1381: Unexpected token. Did you mean `{'}'}` or `&rbrace;`?
src/projects/typescript_savior_or_killer/scenes/SlideScenes.tsx(303,6): error TS17008: JSX element 'AbsoluteFill' has no corresponding closing tag.
src/projects/typescript_savior_or_killer/scenes/SlideScenes.tsx(304,10): error TS17008: JSX element 'div' has no corresponding closing tag.
src/projects/typescript_savior_or_killer/scenes/SlideScenes.tsx(309,113): error TS17008: JSX element 'T' has no corresponding closing tag.
src/projects/typescript_savior_or_killer/scenes/SlideScenes.tsx(311,47): error TS1003: Identifier expected.
src/projects/typescript_savior_or_killer/scenes/SlideScenes.tsx(311,53): error TS1005: '>' expected.
src/projects/typescript_savior_or_killer/scenes/SlideScenes.tsx(311,75): error TS17002: Expected corresponding JSX closing tag for ''.
src/projects/typescript_savior_or_killer/scenes/SlideScenes.tsx(311,82): error TS1382: Unexpected token. Did you mean `{'>'}` or `&gt;`?
src/projects/typescript_savior_or_killer/scenes/SlideScenes.tsx(316,52): error TS17002: Expected corresponding JSX closing tag for 'T'.
src/projects/typescript_savior_or_killer/scenes/SlideScenes.tsx(317,11): error TS17002: Expected corresponding JSX closing tag for 'U'.
src/projects/typescript_savior_or_killer/scenes/SlideScenes.tsx(321,7): error TS17002: Expected corresponding JSX closing tag for 'div'.
src/projects/typescript_savior_or_killer/scenes/SlideScenes.tsx(324,38): error TS1382: Unexpected token. Did you mean `{'>'}` or `&gt;`?
src/projects/typescript_savior_or_killer/scenes/SlideScenes.tsx(346,38): error TS1382: Unexpected token. Did you mean `{'>'}` or `&gt;`?
src/projects/typescript_savior_or_killer/scenes/SlideScenes.tsx(364,38): error TS1382: Unexpected token. Did you mean `{'>'}` or `&gt;`?
src/projects/typescript_savior_or_killer/scenes/SlideScenes.tsx(380,38): error TS1382: Unexpected token. Did you mean `{'>'}` or `&gt;`?
src/projects/typescript_savior_or_killer/scenes/SlideScenes.tsx(398,38): error TS1382: Unexpected token. Did you mean `{'>'}` or `&gt;`?
src/projects/typescript_savior_or_killer/scenes/SlideScenes.tsx(414,38): error TS1382: Unexpected token. Did you mean `{'>'}` or `&gt;`?
src/projects/typescript_savior_or_killer/scenes/SlideScenes.tsx(438,38): error TS1382: Unexpected token. Did you mean `{'>'}` or `&gt;`?
src/projects/typescript_savior_or_killer/scenes/SlideScenes.tsx(463,38): error TS1382: Unexpected token. Did you mean `{'>'}` or `&gt;`?
src/projects/typescript_savior_or_killer/scenes/SlideScenes.tsx(482,38): error TS1382: Unexpected token. Did you mean `{'>'}` or `&gt;`?
src/projects/typescript_savior_or_killer/scenes/SlideScenes.tsx(494,38): error TS1382: Unexpected token. Did you mean `{'>'}` or `&gt;`?
src/projects/typescript_savior_or_killer/scenes/SlideScenes.tsx(524,38): error TS1382: Unexpected token. Did you mean `{'>'}` or `&gt;`?
src/projects/typescript_savior_or_killer/scenes/SlideScenes.tsx(539,38): error TS1382: Unexpected token. Did you mean `{'>'}` or `&gt;`?
src/projects/typescript_savior_or_killer/scenes/SlideScenes.tsx(555,45): error TS1003: Identifier expected.
src/projects/typescript_savior_or_killer/scenes/SlideScenes.tsx(555,55): error TS1382: Unexpected token. Did you mean `{'>'}` or `&gt;`?
src/projects/typescript_savior_or_killer/scenes/SlideScenes.tsx(556,6): error TS1005: '}' expected.
src/projects/typescript_savior_or_killer/scenes/SlideScenes.tsx(585,1): error TS1381: Unexpected token. Did you mean `{'}'}` or `&rbrace;`?
src/projects/typescript_savior_or_killer/scenes/SlideScenes.tsx(588,1): error TS1005: '</' expected.
